// Jest Snapshot v1, https://goo.gl/fbAQLP

exports[`Navbar should render correctly 1`] = `
<div>
  <div
    className="navbar"
  >
    <div>
      <h1
        className="brand"
      >
        <Link
          style={
            Object {
              "color": "inherit",
            }
          }
          to="/"
        >
          Authors Haven
        </Link>
      </h1>
    </div>
    <div
      className="sm-hide"
    >
      <div
        className="nav-items"
      >
        <form
          className="search-bar"
          onSubmit={[Function]}
        >
          <Input
            className="form-control"
            data-test="search-input"
            icon="search"
            iconPosition="left"
            name="keyword"
            onChange={[Function]}
            placeholder="Search Authors' Haven"
            type="search"
            value=""
          />
        </form>
        <Link
          to="/editor"
        >
          <Button
            className="btn btn-dark w-10"
            type="submit"
            value="WRITE"
          />
        </Link>
        <Link
          style={
            Object {
              "margin": "0 15px",
            }
          }
          to={
            Object {
              "pathname": "/login",
              "state": Object {
                "from": undefined,
              },
            }
          }
        >
          <Button
            className="btn-dark"
            value="LOGIN"
          />
        </Link>
      </div>
    </div>
  </div>
</div>
`;
