// Jest Snapshot v1, https://goo.gl/fbAQLP

exports[`Navbar should render correctly 1`] = `
<Navbar
  className=""
  profileUrl="http://dummyimage.com"
>
  <div>
    <div
      className="navbar"
    >
      <div>
        <h1
          className="brand"
        >
          Authors Haven
        </h1>
      </div>
    </div>
  </div>
</Navbar>
`;
