// Jest Snapshot v1, https://goo.gl/fbAQLP

exports[`Navbar should render correctly 1`] = `
<div>
  <div
    className="navbar"
  >
    <div>
      <h1
        className="brand"
      >
        Authors Haven
      </h1>
    </div>
    <Link
      to="/editor"
    >
      <Button
        className="btn-dark"
        value="BECOME AN AUTHOR"
      />
    </Link>
  </div>
</div>
`;
