// Jest Snapshot v1, https://goo.gl/fbAQLP

exports[`ForgotPasswordCard should render correctly 1`] = `
<ForgotPasswordCard
  className="btn-dark"
  type="submit"
  value="SEND EMAIL"
>
  <div
    className="right"
  >
    <div
      className="card forgot-password"
    >
      <Title
        className="text-center"
        content="Forgot Password?"
      >
        <h1
          className="title text-center"
        >
          Forgot Password?
        </h1>
      </Title>
      <hr
        className="hr"
      />
      <p>
        Enter the email you used to sign up and we‘ll send you a password reset link
      </p>
      <form
        className="form"
      >
        <div
          className="form-group"
        >
          <input
            placeholder="Email"
            type="email"
          />
        </div>
        <Button
          className="btn-dark"
          type="submit"
          value="SEND EMAIL"
        >
          <button
            className="btn btn-dark"
            type="submit"
          >
            SEND EMAIL
          </button>
        </Button>
      </form>
    </div>
  </div>
</ForgotPasswordCard>
`;
