// Jest Snapshot v1, https://goo.gl/fbAQLP

exports[`ForgotPasswordCard should render correctly 1`] = `
<ForgotPasswordCard>
  <div
    className="right"
  >
    <div
      className="card reset-password"
    >
      <Title
        title={
          Object {
            "class": "text-center",
            "content": "Reset Password",
          }
        }
      >
        <h1
          className="title undefined"
        />
      </Title>
      <hr
        className="hr"
      />
      <Form
        as="form"
      >
        <form
          className="ui form"
          onSubmit={[Function]}
        >
          <FormField>
            <div
              className="field"
            >
              <input
                placeholder="New Password"
                type="password"
              />
            </div>
          </FormField>
          <FormField>
            <div
              className="field"
            >
              <input
                placeholder="Confirm Password"
                type="password"
              />
            </div>
          </FormField>
          <Button
            button={
              Object {
                "class": "btn-dark",
                "type": "submit",
                "value": "RESET PASSWORD",
              }
            }
          >
            <button
              className="btn undefined"
            />
          </Button>
        </form>
      </Form>
    </div>
  </div>
</ForgotPasswordCard>
`;
