// Jest Snapshot v1, https://goo.gl/fbAQLP

exports[`<StarRating /> should render correctly 1`] = `
<StarRating>
  <Rating
    clearable="auto"
    defaultRating="3"
    icon="star"
    maxRating="5"
  >
    <div
      className="ui star rating"
      onMouseLeave={[Function]}
      role="radiogroup"
      tabIndex={-1}
    >
      <RatingIcon
        active={true}
        aria-checked={false}
        aria-posinset={1}
        aria-setsize="5"
        as="i"
        index={0}
        key="0"
        onClick={[Function]}
        onMouseEnter={[Function]}
        selected={false}
        tabIndex={0}
      >
        <i
          aria-checked={false}
          aria-posinset={1}
          aria-setsize="5"
          className="active icon"
          onClick={[Function]}
          onKeyUp={[Function]}
          onMouseEnter={[Function]}
          role="radio"
          tabIndex={0}
        />
      </RatingIcon>
      <RatingIcon
        active={true}
        aria-checked={false}
        aria-posinset={2}
        aria-setsize="5"
        as="i"
        index={1}
        key="1"
        onClick={[Function]}
        onMouseEnter={[Function]}
        selected={false}
        tabIndex={0}
      >
        <i
          aria-checked={false}
          aria-posinset={2}
          aria-setsize="5"
          className="active icon"
          onClick={[Function]}
          onKeyUp={[Function]}
          onMouseEnter={[Function]}
          role="radio"
          tabIndex={0}
        />
      </RatingIcon>
      <RatingIcon
        active={true}
        aria-checked={false}
        aria-posinset={3}
        aria-setsize="5"
        as="i"
        index={2}
        key="2"
        onClick={[Function]}
        onMouseEnter={[Function]}
        selected={false}
        tabIndex={0}
      >
        <i
          aria-checked={false}
          aria-posinset={3}
          aria-setsize="5"
          className="active icon"
          onClick={[Function]}
          onKeyUp={[Function]}
          onMouseEnter={[Function]}
          role="radio"
          tabIndex={0}
        />
      </RatingIcon>
      <RatingIcon
        active={false}
        aria-checked={false}
        aria-posinset={4}
        aria-setsize="5"
        as="i"
        index={3}
        key="3"
        onClick={[Function]}
        onMouseEnter={[Function]}
        selected={false}
        tabIndex={0}
      >
        <i
          aria-checked={false}
          aria-posinset={4}
          aria-setsize="5"
          className="icon"
          onClick={[Function]}
          onKeyUp={[Function]}
          onMouseEnter={[Function]}
          role="radio"
          tabIndex={0}
        />
      </RatingIcon>
      <RatingIcon
        active={false}
        aria-checked={false}
        aria-posinset={5}
        aria-setsize="5"
        as="i"
        index={4}
        key="4"
        onClick={[Function]}
        onMouseEnter={[Function]}
        selected={false}
        tabIndex={0}
      >
        <i
          aria-checked={false}
          aria-posinset={5}
          aria-setsize="5"
          className="icon"
          onClick={[Function]}
          onKeyUp={[Function]}
          onMouseEnter={[Function]}
          role="radio"
          tabIndex={0}
        />
      </RatingIcon>
    </div>
  </Rating>
</StarRating>
`;
