// Jest Snapshot v1, https://goo.gl/fbAQLP

exports[`<Register /> mounts correctly 1`] = `
<div>
  <Loader
    size="large"
    text="please wait"
  />
  <form
    className="form"
    id="form"
    onSubmit={[Function]}
  >
    <div
      className="form-group"
    >
      <input
        className="form-control"
        name="username"
        onChange={[Function]}
        placeholder="Username"
        value=""
      />
    </div>
    <div
      className="form-group"
    >
      <input
        className="form-control"
        name="email"
        onChange={[Function]}
        placeholder="Email"
        type="email"
        value=""
      />
    </div>
    <div
      className="form-group"
    >
      <input
        className="form-control"
        name="password"
        onChange={[Function]}
        placeholder="Password"
        type="password"
        value=""
      />
    </div>
    <Button
      button={
        Object {
          "className": "btn-dark",
          "type": "submit",
          "value": "GET STARTED",
        }
      }
    />
  </form>
  <div
    className="d-flex or-div"
  >
    <hr
      className="hr"
    />
    <p
      className="or"
    >
      OR
    </p>
    <hr
      className="hr"
    />
  </div>
  <div
    className="icon-container"
  >
    <div
      className="icon-card"
    >
      <Image
        src=""
      />
    </div>
    <div
      className="icon-card"
    >
      <Image
        src=""
      />
    </div>
    <div
      className="icon-card"
    >
      <Image
        src=""
      />
    </div>
  </div>
</div>
`;
