// Jest Snapshot v1, https://goo.gl/fbAQLP

exports[`ArticleLists should render correctly 1`] = `
<ArticleLists
  articles={
    Array [
      Object {},
      Object {},
    ]
  }
  deleteArticle={[Function]}
  isDeleting={false}
>
  <div
    className="post-lists"
  >
    <ItemGroup>
      <div
        className="ui items"
      >
        <Item>
          <div
            className="item"
          >
            <ItemImage
              src="https://react.semantic-ui.com/images/wireframe/image.png"
            >
              <Image
                as="img"
                src="https://react.semantic-ui.com/images/wireframe/image.png"
                ui={false}
                wrapped={true}
              >
                <div
                  className="image"
                >
                  <img
                    src="https://react.semantic-ui.com/images/wireframe/image.png"
                  />
                </div>
              </Image>
            </ItemImage>
            <ItemContent>
              <div
                className="content"
              >
                <div
                  className="d-flex"
                >
                  <div
                    style={
                      Object {
                        "marginRight": "auto",
                      }
                    }
                  >
                    <Title
                      className="title-article-lg"
                    >
                      <h1
                        className="title title-article-lg"
                      />
                    </Title>
                  </div>
                  <div
                    style={
                      Object {
                        "marginRight": "0.8rem",
                      }
                    }
                  >
                    <p
                      style={
                        Object {
                          "fontSize": "1rem",
                          "width": "100%",
                        }
                      }
                    >
                      2 mins read
                    </p>
                  </div>
                  <div>
                    <Button
                      className="btn-transparent"
                      type="button"
                      value=""
                    >
                      <button
                        className="btn btn-transparent"
                        type="button"
                      >
                        <Icon
                          as="i"
                          name="bookmark outline"
                          style={
                            Object {
                              "color": "#000000",
                              "fontSize": "1.25rem",
                              "margin": "0",
                            }
                          }
                        >
                          <i
                            aria-hidden="true"
                            className="bookmark outline icon"
                            onClick={[Function]}
                            style={
                              Object {
                                "color": "#000000",
                                "fontSize": "1.25rem",
                                "margin": "0",
                              }
                            }
                          />
                        </Icon>
                      </button>
                    </Button>
                  </div>
                </div>
                <ItemDescription
                  style={
                    Object {
                      "marginBottom": "auto",
                    }
                  }
                >
                  <div
                    className="description"
                    style={
                      Object {
                        "marginBottom": "auto",
                      }
                    }
                  >
                    <p
                      style={
                        Object {
                          "fontSize": "1.125rem",
                          "fontWeight": "200",
                          "lineHeight": "1.375rem",
                        }
                      }
                    />
                  </div>
                </ItemDescription>
                <ItemExtra>
                  <div
                    className="extra"
                  >
                    <div
                      className="d-flex justify-content-between"
                    >
                      <p
                        style={
                          Object {
                            "fontSize": "1rem",
                          }
                        }
                      >
                        3 days ago
                      </p>
                      <div>
                        <Modal
                          centered={true}
                          closeIcon={true}
                          closeOnDimmerClick={true}
                          closeOnDocumentClick={false}
                          dimmer={true}
                          eventPool="Modal"
                          size="tiny"
                          trigger={
                            <Button
                              className="btn-transparent"
                              type="button"
                              value=""
                            >
                              <Icon
                                as="i"
                                name="trash"
                                style={
                                  Object {
                                    "color": "#ff0000",
                                    "fontSize": "1.5rem",
                                    "margin": "0",
                                  }
                                }
                              />
                            </Button>
                          }
                        >
                          <Portal
                            closeOnDocumentClick={false}
                            closeOnEscape={true}
                            eventPool="Modal"
                            mountNode={<body />}
                            onClose={[Function]}
                            onMount={[Function]}
                            onOpen={[Function]}
                            onUnmount={[Function]}
                            openOnTriggerClick={true}
                            trigger={
                              <Button
                                className="btn-transparent"
                                type="button"
                                value=""
                              >
                                <Icon
                                  as="i"
                                  name="trash"
                                  style={
                                    Object {
                                      "color": "#ff0000",
                                      "fontSize": "1.5rem",
                                      "margin": "0",
                                    }
                                  }
                                />
                              </Button>
                            }
                          >
                            <Ref
                              innerRef={[Function]}
                            >
                              <RefFindNode
                                innerRef={[Function]}
                              >
                                <Button
                                  className="btn-transparent"
                                  onBlur={[Function]}
                                  onClick={[Function]}
                                  onFocus={[Function]}
                                  onMouseEnter={[Function]}
                                  onMouseLeave={[Function]}
                                  type="button"
                                  value=""
                                >
                                  <button
                                    className="btn btn-transparent"
                                    onClick={[Function]}
                                    type="button"
                                  >
                                    <Icon
                                      as="i"
                                      name="trash"
                                      style={
                                        Object {
                                          "color": "#ff0000",
                                          "fontSize": "1.5rem",
                                          "margin": "0",
                                        }
                                      }
                                    >
                                      <i
                                        aria-hidden="true"
                                        className="trash icon"
                                        onClick={[Function]}
                                        style={
                                          Object {
                                            "color": "#ff0000",
                                            "fontSize": "1.5rem",
                                            "margin": "0",
                                          }
                                        }
                                      />
                                    </Icon>
                                  </button>
                                </Button>
                              </RefFindNode>
                            </Ref>
                          </Portal>
                        </Modal>
                      </div>
                    </div>
                  </div>
                </ItemExtra>
              </div>
            </ItemContent>
          </div>
        </Item>
      </div>
    </ItemGroup>
    <ItemGroup>
      <div
        className="ui items"
      >
        <Item>
          <div
            className="item"
          >
            <ItemImage
              src="https://react.semantic-ui.com/images/wireframe/image.png"
            >
              <Image
                as="img"
                src="https://react.semantic-ui.com/images/wireframe/image.png"
                ui={false}
                wrapped={true}
              >
                <div
                  className="image"
                >
                  <img
                    src="https://react.semantic-ui.com/images/wireframe/image.png"
                  />
                </div>
              </Image>
            </ItemImage>
            <ItemContent>
              <div
                className="content"
              >
                <div
                  className="d-flex"
                >
                  <div
                    style={
                      Object {
                        "marginRight": "auto",
                      }
                    }
                  >
                    <Title
                      className="title-article-lg"
                    >
                      <h1
                        className="title title-article-lg"
                      />
                    </Title>
                  </div>
                  <div
                    style={
                      Object {
                        "marginRight": "0.8rem",
                      }
                    }
                  >
                    <p
                      style={
                        Object {
                          "fontSize": "1rem",
                          "width": "100%",
                        }
                      }
                    >
                      2 mins read
                    </p>
                  </div>
                  <div>
                    <Button
                      className="btn-transparent"
                      type="button"
                      value=""
                    >
                      <button
                        className="btn btn-transparent"
                        type="button"
                      >
                        <Icon
                          as="i"
                          name="bookmark outline"
                          style={
                            Object {
                              "color": "#000000",
                              "fontSize": "1.25rem",
                              "margin": "0",
                            }
                          }
                        >
                          <i
                            aria-hidden="true"
                            className="bookmark outline icon"
                            onClick={[Function]}
                            style={
                              Object {
                                "color": "#000000",
                                "fontSize": "1.25rem",
                                "margin": "0",
                              }
                            }
                          />
                        </Icon>
                      </button>
                    </Button>
                  </div>
                </div>
                <ItemDescription
                  style={
                    Object {
                      "marginBottom": "auto",
                    }
                  }
                >
                  <div
                    className="description"
                    style={
                      Object {
                        "marginBottom": "auto",
                      }
                    }
                  >
                    <p
                      style={
                        Object {
                          "fontSize": "1.125rem",
                          "fontWeight": "200",
                          "lineHeight": "1.375rem",
                        }
                      }
                    />
                  </div>
                </ItemDescription>
                <ItemExtra>
                  <div
                    className="extra"
                  >
                    <div
                      className="d-flex justify-content-between"
                    >
                      <p
                        style={
                          Object {
                            "fontSize": "1rem",
                          }
                        }
                      >
                        3 days ago
                      </p>
                      <div>
                        <Modal
                          centered={true}
                          closeIcon={true}
                          closeOnDimmerClick={true}
                          closeOnDocumentClick={false}
                          dimmer={true}
                          eventPool="Modal"
                          size="tiny"
                          trigger={
                            <Button
                              className="btn-transparent"
                              type="button"
                              value=""
                            >
                              <Icon
                                as="i"
                                name="trash"
                                style={
                                  Object {
                                    "color": "#ff0000",
                                    "fontSize": "1.5rem",
                                    "margin": "0",
                                  }
                                }
                              />
                            </Button>
                          }
                        >
                          <Portal
                            closeOnDocumentClick={false}
                            closeOnEscape={true}
                            eventPool="Modal"
                            mountNode={<body />}
                            onClose={[Function]}
                            onMount={[Function]}
                            onOpen={[Function]}
                            onUnmount={[Function]}
                            openOnTriggerClick={true}
                            trigger={
                              <Button
                                className="btn-transparent"
                                type="button"
                                value=""
                              >
                                <Icon
                                  as="i"
                                  name="trash"
                                  style={
                                    Object {
                                      "color": "#ff0000",
                                      "fontSize": "1.5rem",
                                      "margin": "0",
                                    }
                                  }
                                />
                              </Button>
                            }
                          >
                            <Ref
                              innerRef={[Function]}
                            >
                              <RefFindNode
                                innerRef={[Function]}
                              >
                                <Button
                                  className="btn-transparent"
                                  onBlur={[Function]}
                                  onClick={[Function]}
                                  onFocus={[Function]}
                                  onMouseEnter={[Function]}
                                  onMouseLeave={[Function]}
                                  type="button"
                                  value=""
                                >
                                  <button
                                    className="btn btn-transparent"
                                    onClick={[Function]}
                                    type="button"
                                  >
                                    <Icon
                                      as="i"
                                      name="trash"
                                      style={
                                        Object {
                                          "color": "#ff0000",
                                          "fontSize": "1.5rem",
                                          "margin": "0",
                                        }
                                      }
                                    >
                                      <i
                                        aria-hidden="true"
                                        className="trash icon"
                                        onClick={[Function]}
                                        style={
                                          Object {
                                            "color": "#ff0000",
                                            "fontSize": "1.5rem",
                                            "margin": "0",
                                          }
                                        }
                                      />
                                    </Icon>
                                  </button>
                                </Button>
                              </RefFindNode>
                            </Ref>
                          </Portal>
                        </Modal>
                      </div>
                    </div>
                  </div>
                </ItemExtra>
              </div>
            </ItemContent>
          </div>
        </Item>
      </div>
    </ItemGroup>
  </div>
</ArticleLists>
`;
