// Jest Snapshot v1, https://goo.gl/fbAQLP

exports[`ArticleLists should render correctly 1`] = `
<div
  className="post-lists"
>
  <Link
    to="/post=undefined"
  >
    <ItemGroup>
      <Item>
        <ItemImage
          src="https://react.semantic-ui.com/images/wireframe/image.png"
        />
        <ItemContent>
          <div
            className="d-flex"
          >
            <div
              style={
                Object {
                  "marginRight": "auto",
                }
              }
            >
              <Title
                className="title-article-lg"
              />
            </div>
            <div
              style={
                Object {
                  "marginRight": "0.8rem",
                }
              }
            >
              <p
                style={
                  Object {
                    "fontSize": "1rem",
                    "width": "100%",
                  }
                }
              >
                 mins read
              </p>
            </div>
            <div>
              <Button
                className="btn-transparent"
                type="button"
                value=""
              >
                <Icon
                  as="i"
                  name="bookmark outline"
                  style={
                    Object {
                      "color": "#000000",
                      "fontSize": "1.25rem",
                      "margin": "0",
                    }
                  }
                />
              </Button>
            </div>
          </div>
          <ItemDescription
            style={
              Object {
                "marginBottom": "auto",
              }
            }
          >
            <p
              style={
                Object {
                  "fontSize": "1.125rem",
                  "fontWeight": "200",
                  "lineHeight": "1.375rem",
                }
              }
            />
          </ItemDescription>
          <ItemExtra>
            <div
              className="d-flex justify-content-between"
            >
              <p
                style={
                  Object {
                    "fontSize": "1rem",
                  }
                }
              >
                a few seconds
                 ago
              </p>
              <div>
                <Modal
                  centered={true}
                  closeIcon={true}
                  closeOnDimmerClick={true}
                  closeOnDocumentClick={false}
                  dimmer={true}
                  eventPool="Modal"
                  size="tiny"
                  trigger={
                    <Button
                      className="btn-transparent"
                      type="button"
                      value=""
                    >
                      <Icon
                        as="i"
                        name="trash"
                        style={
                          Object {
                            "color": "#ff0000",
                            "fontSize": "1.5rem",
                            "margin": "0",
                          }
                        }
                      />
                    </Button>
                  }
                >
                  <ModalHeader>
                    Delete Article!
                  </ModalHeader>
                  <ModalContent>
                    <p>
                      Are you sure you want to delete this Article?
                    </p>
                  </ModalContent>
                  <ModalActions>
                    <Button
                      className="btn-dark mb-3"
                      key="delete"
                      onClick={[Function]}
                      type="button"
                      value="DELETE"
                    />
                  </ModalActions>
                </Modal>
              </div>
            </div>
          </ItemExtra>
        </ItemContent>
      </Item>
    </ItemGroup>
  </Link>
  <Link
    to="/post=undefined"
  >
    <ItemGroup>
      <Item>
        <ItemImage
          src="https://react.semantic-ui.com/images/wireframe/image.png"
        />
        <ItemContent>
          <div
            className="d-flex"
          >
            <div
              style={
                Object {
                  "marginRight": "auto",
                }
              }
            >
              <Title
                className="title-article-lg"
              />
            </div>
            <div
              style={
                Object {
                  "marginRight": "0.8rem",
                }
              }
            >
              <p
                style={
                  Object {
                    "fontSize": "1rem",
                    "width": "100%",
                  }
                }
              >
                 mins read
              </p>
            </div>
            <div>
              <Button
                className="btn-transparent"
                type="button"
                value=""
              >
                <Icon
                  as="i"
                  name="bookmark outline"
                  style={
                    Object {
                      "color": "#000000",
                      "fontSize": "1.25rem",
                      "margin": "0",
                    }
                  }
                />
              </Button>
            </div>
          </div>
          <ItemDescription
            style={
              Object {
                "marginBottom": "auto",
              }
            }
          >
            <p
              style={
                Object {
                  "fontSize": "1.125rem",
                  "fontWeight": "200",
                  "lineHeight": "1.375rem",
                }
              }
            />
          </ItemDescription>
          <ItemExtra>
            <div
              className="d-flex justify-content-between"
            >
              <p
                style={
                  Object {
                    "fontSize": "1rem",
                  }
                }
              >
                a few seconds
                 ago
              </p>
              <div>
                <Modal
                  centered={true}
                  closeIcon={true}
                  closeOnDimmerClick={true}
                  closeOnDocumentClick={false}
                  dimmer={true}
                  eventPool="Modal"
                  size="tiny"
                  trigger={
                    <Button
                      className="btn-transparent"
                      type="button"
                      value=""
                    >
                      <Icon
                        as="i"
                        name="trash"
                        style={
                          Object {
                            "color": "#ff0000",
                            "fontSize": "1.5rem",
                            "margin": "0",
                          }
                        }
                      />
                    </Button>
                  }
                >
                  <ModalHeader>
                    Delete Article!
                  </ModalHeader>
                  <ModalContent>
                    <p>
                      Are you sure you want to delete this Article?
                    </p>
                  </ModalContent>
                  <ModalActions>
                    <Button
                      className="btn-dark mb-3"
                      key="delete"
                      onClick={[Function]}
                      type="button"
                      value="DELETE"
                    />
                  </ModalActions>
                </Modal>
              </div>
            </div>
          </ItemExtra>
        </ItemContent>
      </Item>
    </ItemGroup>
  </Link>
</div>
`;
