// Jest Snapshot v1, https://goo.gl/fbAQLP

exports[`Settings should render correctly 1`] = `
<ProfileSettings>
  <div
    className="settings"
  >
    <div
      className="edit-profile"
    >
      <Form
        as="form"
      >
        <form
          className="ui form"
          onSubmit={[Function]}
        >
          <FormGroup
            widths="equal"
          >
            <div
              className="equal width fields"
            >
              <FormInput
                as={[Function]}
                control={[Function]}
                fluid={true}
                label="First name"
                placeholder=""
              >
                <FormField
                  control={[Function]}
                  fluid={true}
                  label="First name"
                  placeholder=""
                >
                  <div
                    className="field"
                  >
                    <label>
                      First name
                    </label>
                    <Input
                      fluid={true}
                      placeholder=""
                      type="text"
                    >
                      <div
                        className="ui fluid input"
                      >
                        <input
                          onChange={[Function]}
                          placeholder=""
                          type="text"
                        />
                      </div>
                    </Input>
                  </div>
                </FormField>
              </FormInput>
              <FormInput
                as={[Function]}
                control={[Function]}
                fluid={true}
                label="Last name"
                placeholder=""
              >
                <FormField
                  control={[Function]}
                  fluid={true}
                  label="Last name"
                  placeholder=""
                >
                  <div
                    className="field"
                  >
                    <label>
                      Last name
                    </label>
                    <Input
                      fluid={true}
                      placeholder=""
                      type="text"
                    >
                      <div
                        className="ui fluid input"
                      >
                        <input
                          onChange={[Function]}
                          placeholder=""
                          type="text"
                        />
                      </div>
                    </Input>
                  </div>
                </FormField>
              </FormInput>
              <FormInput
                as={[Function]}
                control={[Function]}
                fluid={true}
                label="Username"
                placeholder=""
              >
                <FormField
                  control={[Function]}
                  fluid={true}
                  label="Username"
                  placeholder=""
                >
                  <div
                    className="field"
                  >
                    <label>
                      Username
                    </label>
                    <Input
                      fluid={true}
                      placeholder=""
                      type="text"
                    >
                      <div
                        className="ui fluid input"
                      >
                        <input
                          onChange={[Function]}
                          placeholder=""
                          type="text"
                        />
                      </div>
                    </Input>
                  </div>
                </FormField>
              </FormInput>
            </div>
          </FormGroup>
          <FormTextArea
            as={[Function]}
            control={[Function]}
            label="Bio"
            maxLength="450"
            placeholder="Tell us more about you...(450 characters max)"
            rows={5}
          >
            <FormField
              control={[Function]}
              label="Bio"
              maxLength="450"
              placeholder="Tell us more about you...(450 characters max)"
              rows={5}
            >
              <div
                className="field"
              >
                <label>
                  Bio
                </label>
                <TextArea
                  as="textarea"
                  maxLength="450"
                  placeholder="Tell us more about you...(450 characters max)"
                  rows={5}
                >
                  <Ref
                    innerRef={
                      Object {
                        "current": <textarea
                          maxlength="450"
                          placeholder="Tell us more about you...(450 characters max)"
                          rows="5"
                        />,
                      }
                    }
                  >
                    <RefFindNode
                      innerRef={
                        Object {
                          "current": <textarea
                            maxlength="450"
                            placeholder="Tell us more about you...(450 characters max)"
                            rows="5"
                          />,
                        }
                      }
                    >
                      <textarea
                        maxLength="450"
                        onChange={[Function]}
                        onInput={[Function]}
                        placeholder="Tell us more about you...(450 characters max)"
                        rows={5}
                      />
                    </RefFindNode>
                  </Ref>
                </TextArea>
              </div>
            </FormField>
          </FormTextArea>
          <div
            className="field"
            style={
              Object {
                "display": "flex",
                "justifyContent": "flex-end",
              }
            }
          >
            <Button
              className="btn-dark"
              type="submit"
              value="SAVE CHANGES"
            >
              <button
                className="btn btn-dark"
                type="submit"
              >
                SAVE CHANGES
              </button>
            </Button>
          </div>
        </form>
      </Form>
    </div>
  </div>
</ProfileSettings>
`;
